// Jest Snapshot v1, https://goo.gl/fbAQLP

exports[`php_lang_eval_using_user_input bad 1`] = `
"{
  "high": [
    {
      "cwe_ids": [
        "95"
      ],
      "id": "php_lang_eval_using_user_input",
      "title": "Unsanitized user input in 'eval' type function",
      "description": "## Description\\nIt is dangerous to use eval with user input, or to compile code with user-supplied data. Such practices can lead to command injection.\\n\\n## Remediations\\n❌ Avoid using code execution methods with unsanitized user input.\\n\\n## Resources\\n- [OWASP Code injection explained](https://owasp.org/www-community/attacks/Code_Injection)\\n",
      "documentation_url": "https://docs.bearer.com/reference/rules/php_lang_eval_using_user_input",
      "line_number": 3,
      "full_filename": "/tmp/bearer-scan/bad.php",
      "filename": ".",
      "source": {
        "start": 3,
        "end": 3,
        "column": {
          "start": 1,
          "end": 30
        }
      },
      "sink": {
        "start": 3,
        "end": 3,
        "column": {
          "start": 1,
          "end": 30
        },
        "content": "eval(\\"echo \\" . $_GET[\\"oops\\"])"
      },
      "parent_line_number": 3,
      "snippet": "eval(\\"echo \\" . $_GET[\\"oops\\"])",
      "fingerprint": "43b4511ce098191dea3fa024aa7f66cc_0",
      "old_fingerprint": "2935b68ea0455100c1ee50d53b6d628a_0",
      "code_extract": "eval(\\"echo \\" . $_GET[\\"oops\\"]);"
    },
    {
      "cwe_ids": [
        "95"
      ],
      "id": "php_lang_eval_using_user_input",
      "title": "Unsanitized user input in 'eval' type function",
      "description": "## Description\\nIt is dangerous to use eval with user input, or to compile code with user-supplied data. Such practices can lead to command injection.\\n\\n## Remediations\\n❌ Avoid using code execution methods with unsanitized user input.\\n\\n## Resources\\n- [OWASP Code injection explained](https://owasp.org/www-community/attacks/Code_Injection)\\n",
      "documentation_url": "https://docs.bearer.com/reference/rules/php_lang_eval_using_user_input",
      "line_number": 5,
      "full_filename": "/tmp/bearer-scan/bad.php",
      "filename": ".",
      "source": {
        "start": 5,
        "end": 5,
        "column": {
          "start": 1,
          "end": 45
        }
      },
      "sink": {
        "start": 5,
        "end": 5,
        "column": {
          "start": 1,
          "end": 45
        },
        "content": "call_user_func(\\"func_\\" . $_POST[\\"oops\\"], 42)"
      },
      "parent_line_number": 5,
      "snippet": "call_user_func(\\"func_\\" . $_POST[\\"oops\\"], 42)",
      "fingerprint": "43b4511ce098191dea3fa024aa7f66cc_1",
      "old_fingerprint": "2935b68ea0455100c1ee50d53b6d628a_1",
      "code_extract": "call_user_func(\\"func_\\" . $_POST[\\"oops\\"], 42);"
    },
    {
      "cwe_ids": [
        "95"
      ],
      "id": "php_lang_eval_using_user_input",
      "title": "Unsanitized user input in 'eval' type function",
      "description": "## Description\\nIt is dangerous to use eval with user input, or to compile code with user-supplied data. Such practices can lead to command injection.\\n\\n## Remediations\\n❌ Avoid using code execution methods with unsanitized user input.\\n\\n## Resources\\n- [OWASP Code injection explained](https://owasp.org/www-community/attacks/Code_Injection)\\n",
      "documentation_url": "https://docs.bearer.com/reference/rules/php_lang_eval_using_user_input",
      "line_number": 6,
      "full_filename": "/tmp/bearer-scan/bad.php",
      "filename": ".",
      "source": {
        "start": 6,
        "end": 6,
        "column": {
          "start": 1,
          "end": 53
        }
      },
      "sink": {
        "start": 6,
        "end": 6,
        "column": {
          "start": 1,
          "end": 53
        },
        "content": "call_user_func_array(\\"func_\\" . $_POST[\\"oops\\"], [42])"
      },
      "parent_line_number": 6,
      "snippet": "call_user_func_array(\\"func_\\" . $_POST[\\"oops\\"], [42])",
      "fingerprint": "43b4511ce098191dea3fa024aa7f66cc_2",
      "old_fingerprint": "2935b68ea0455100c1ee50d53b6d628a_2",
      "code_extract": "call_user_func_array(\\"func_\\" . $_POST[\\"oops\\"], [42]);"
    },
    {
      "cwe_ids": [
        "95"
      ],
      "id": "php_lang_eval_using_user_input",
      "title": "Unsanitized user input in 'eval' type function",
      "description": "## Description\\nIt is dangerous to use eval with user input, or to compile code with user-supplied data. Such practices can lead to command injection.\\n\\n## Remediations\\n❌ Avoid using code execution methods with unsanitized user input.\\n\\n## Resources\\n- [OWASP Code injection explained](https://owasp.org/www-community/attacks/Code_Injection)\\n",
      "documentation_url": "https://docs.bearer.com/reference/rules/php_lang_eval_using_user_input",
      "line_number": 8,
      "full_filename": "/tmp/bearer-scan/bad.php",
      "filename": ".",
      "source": {
        "start": 8,
        "end": 8,
        "column": {
          "start": 1,
          "end": 31
        }
      },
      "sink": {
        "start": 8,
        "end": 8,
        "column": {
          "start": 1,
          "end": 31
        },
        "content": "assert($_POST[\\"oops\\"], \\"oops\\")"
      },
      "parent_line_number": 8,
      "snippet": "assert($_POST[\\"oops\\"], \\"oops\\")",
      "fingerprint": "43b4511ce098191dea3fa024aa7f66cc_3",
      "old_fingerprint": "2935b68ea0455100c1ee50d53b6d628a_3",
      "code_extract": "assert($_POST[\\"oops\\"], \\"oops\\");"
    },
    {
      "cwe_ids": [
        "95"
      ],
      "id": "php_lang_eval_using_user_input",
      "title": "Unsanitized user input in 'eval' type function",
      "description": "## Description\\nIt is dangerous to use eval with user input, or to compile code with user-supplied data. Such practices can lead to command injection.\\n\\n## Remediations\\n❌ Avoid using code execution methods with unsanitized user input.\\n\\n## Resources\\n- [OWASP Code injection explained](https://owasp.org/www-community/attacks/Code_Injection)\\n",
      "documentation_url": "https://docs.bearer.com/reference/rules/php_lang_eval_using_user_input",
      "line_number": 9,
      "full_filename": "/tmp/bearer-scan/bad.php",
      "filename": ".",
      "source": {
        "start": 9,
        "end": 9,
        "column": {
          "start": 1,
          "end": 34
        }
      },
      "sink": {
        "start": 9,
        "end": 9,
        "column": {
          "start": 1,
          "end": 34
        },
        "content": "array_map($_POST[\\"oops\\"], $array)"
      },
      "parent_line_number": 9,
      "snippet": "array_map($_POST[\\"oops\\"], $array)",
      "fingerprint": "43b4511ce098191dea3fa024aa7f66cc_4",
      "old_fingerprint": "2935b68ea0455100c1ee50d53b6d628a_4",
      "code_extract": "array_map($_POST[\\"oops\\"], $array);"
    },
    {
      "cwe_ids": [
        "95"
      ],
      "id": "php_lang_eval_using_user_input",
      "title": "Unsanitized user input in 'eval' type function",
      "description": "## Description\\nIt is dangerous to use eval with user input, or to compile code with user-supplied data. Such practices can lead to command injection.\\n\\n## Remediations\\n❌ Avoid using code execution methods with unsanitized user input.\\n\\n## Resources\\n- [OWASP Code injection explained](https://owasp.org/www-community/attacks/Code_Injection)\\n",
      "documentation_url": "https://docs.bearer.com/reference/rules/php_lang_eval_using_user_input",
      "line_number": 10,
      "full_filename": "/tmp/bearer-scan/bad.php",
      "filename": ".",
      "source": {
        "start": 10,
        "end": 10,
        "column": {
          "start": 1,
          "end": 27
        }
      },
      "sink": {
        "start": 10,
        "end": 10,
        "column": {
          "start": 1,
          "end": 27
        },
        "content": "extract($_POST[\\"oops\\"], 0)"
      },
      "parent_line_number": 10,
      "snippet": "extract($_POST[\\"oops\\"], 0)",
      "fingerprint": "43b4511ce098191dea3fa024aa7f66cc_5",
      "old_fingerprint": "2935b68ea0455100c1ee50d53b6d628a_5",
      "code_extract": "extract($_POST[\\"oops\\"], 0);"
    }
  ]
}"
`;

exports[`php_lang_eval_using_user_input ok 1`] = `"{}"`;
