// Jest Snapshot v1, https://goo.gl/fbAQLP

exports[`ruby_rails_permissive_regex_validation bad 1`] = `
"{
  "low": [
    {
      "cwe_ids": [
        "625"
      ],
      "id": "ruby_rails_permissive_regex_validation",
      "title": "Validation using permissive regular expression detected.",
      "description": "## Description\\n\\nValidations using regular expressions should use the start of text (\\\\A) and\\nend of text (\\\\z or \\\\Z) boundaries.\\n\\n## Remediations\\n\\n❌ Avoid matching without start and end boundaries:\\n\\n\`\`\`ruby\\nvalidates :attribute, format: { with: /foo/}\\n\`\`\`\\n\\n❌ Avoid using line-based boundaries:\\n\\n\`\`\`ruby\\nvalidates :attribute, format: { with: /^foo$/}\\n\`\`\`\\n\\n✅ Use whole-text boundaries:\\n\\n\`\`\`ruby\\nvalidates :attribute1, format: { with: \\"\\\\Afoo\\\\Z\\"}\\nvalidates :attribute2, format: { with: \\"\\\\Afoo\\\\z\\"}\\n\`\`\`\\n<!--\\n## Resources\\n- [Active Record format validation](https://guides.rubyonrails.org/active_record_validations.html#format)\\n-->\\n",
      "documentation_url": "https://docs.bearer.com/reference/rules/ruby_rails_permissive_regex_validation",
      "line_number": 1,
      "full_filename": "/tmp/bearer-scan/bad.rb",
      "filename": ".",
      "source": {
        "start": 1,
        "end": 1,
        "column": {
          "start": 1,
          "end": 44
        }
      },
      "sink": {
        "start": 1,
        "end": 1,
        "column": {
          "start": 1,
          "end": 44
        },
        "content": "validates :attr, format: { with: /^oops$/ }"
      },
      "parent_line_number": 1,
      "snippet": "validates :attr, format: { with: /^oops$/ }",
      "fingerprint": "2413542e48eb6c729510ed1ba924b4cb_0",
      "old_fingerprint": "97ed93c4b804498902421b9fcd7b5dfd_0",
      "code_extract": "validates :attr, format: { with: /^oops$/ }"
    },
    {
      "cwe_ids": [
        "625"
      ],
      "id": "ruby_rails_permissive_regex_validation",
      "title": "Validation using permissive regular expression detected.",
      "description": "## Description\\n\\nValidations using regular expressions should use the start of text (\\\\A) and\\nend of text (\\\\z or \\\\Z) boundaries.\\n\\n## Remediations\\n\\n❌ Avoid matching without start and end boundaries:\\n\\n\`\`\`ruby\\nvalidates :attribute, format: { with: /foo/}\\n\`\`\`\\n\\n❌ Avoid using line-based boundaries:\\n\\n\`\`\`ruby\\nvalidates :attribute, format: { with: /^foo$/}\\n\`\`\`\\n\\n✅ Use whole-text boundaries:\\n\\n\`\`\`ruby\\nvalidates :attribute1, format: { with: \\"\\\\Afoo\\\\Z\\"}\\nvalidates :attribute2, format: { with: \\"\\\\Afoo\\\\z\\"}\\n\`\`\`\\n<!--\\n## Resources\\n- [Active Record format validation](https://guides.rubyonrails.org/active_record_validations.html#format)\\n-->\\n",
      "documentation_url": "https://docs.bearer.com/reference/rules/ruby_rails_permissive_regex_validation",
      "line_number": 2,
      "full_filename": "/tmp/bearer-scan/bad.rb",
      "filename": ".",
      "source": {
        "start": 2,
        "end": 2,
        "column": {
          "start": 1,
          "end": 44
        }
      },
      "sink": {
        "start": 2,
        "end": 2,
        "column": {
          "start": 1,
          "end": 44
        },
        "content": "validates :attr, format: { with: %r[oops] }"
      },
      "parent_line_number": 2,
      "snippet": "validates :attr, format: { with: %r[oops] }",
      "fingerprint": "2413542e48eb6c729510ed1ba924b4cb_1",
      "old_fingerprint": "97ed93c4b804498902421b9fcd7b5dfd_1",
      "code_extract": "validates :attr, format: { with: %r[oops] }"
    },
    {
      "cwe_ids": [
        "625"
      ],
      "id": "ruby_rails_permissive_regex_validation",
      "title": "Validation using permissive regular expression detected.",
      "description": "## Description\\n\\nValidations using regular expressions should use the start of text (\\\\A) and\\nend of text (\\\\z or \\\\Z) boundaries.\\n\\n## Remediations\\n\\n❌ Avoid matching without start and end boundaries:\\n\\n\`\`\`ruby\\nvalidates :attribute, format: { with: /foo/}\\n\`\`\`\\n\\n❌ Avoid using line-based boundaries:\\n\\n\`\`\`ruby\\nvalidates :attribute, format: { with: /^foo$/}\\n\`\`\`\\n\\n✅ Use whole-text boundaries:\\n\\n\`\`\`ruby\\nvalidates :attribute1, format: { with: \\"\\\\Afoo\\\\Z\\"}\\nvalidates :attribute2, format: { with: \\"\\\\Afoo\\\\z\\"}\\n\`\`\`\\n<!--\\n## Resources\\n- [Active Record format validation](https://guides.rubyonrails.org/active_record_validations.html#format)\\n-->\\n",
      "documentation_url": "https://docs.bearer.com/reference/rules/ruby_rails_permissive_regex_validation",
      "line_number": 3,
      "full_filename": "/tmp/bearer-scan/bad.rb",
      "filename": ".",
      "source": {
        "start": 3,
        "end": 3,
        "column": {
          "start": 1,
          "end": 44
        }
      },
      "sink": {
        "start": 3,
        "end": 3,
        "column": {
          "start": 1,
          "end": 44
        },
        "content": "validates :attr, format: { with: \\"\\\\Aoops\\" }"
      },
      "parent_line_number": 3,
      "snippet": "validates :attr, format: { with: \\"\\\\Aoops\\" }",
      "fingerprint": "2413542e48eb6c729510ed1ba924b4cb_2",
      "old_fingerprint": "97ed93c4b804498902421b9fcd7b5dfd_2",
      "code_extract": "validates :attr, format: { with: \\"\\\\Aoops\\" }"
    },
    {
      "cwe_ids": [
        "625"
      ],
      "id": "ruby_rails_permissive_regex_validation",
      "title": "Validation using permissive regular expression detected.",
      "description": "## Description\\n\\nValidations using regular expressions should use the start of text (\\\\A) and\\nend of text (\\\\z or \\\\Z) boundaries.\\n\\n## Remediations\\n\\n❌ Avoid matching without start and end boundaries:\\n\\n\`\`\`ruby\\nvalidates :attribute, format: { with: /foo/}\\n\`\`\`\\n\\n❌ Avoid using line-based boundaries:\\n\\n\`\`\`ruby\\nvalidates :attribute, format: { with: /^foo$/}\\n\`\`\`\\n\\n✅ Use whole-text boundaries:\\n\\n\`\`\`ruby\\nvalidates :attribute1, format: { with: \\"\\\\Afoo\\\\Z\\"}\\nvalidates :attribute2, format: { with: \\"\\\\Afoo\\\\z\\"}\\n\`\`\`\\n<!--\\n## Resources\\n- [Active Record format validation](https://guides.rubyonrails.org/active_record_validations.html#format)\\n-->\\n",
      "documentation_url": "https://docs.bearer.com/reference/rules/ruby_rails_permissive_regex_validation",
      "line_number": 4,
      "full_filename": "/tmp/bearer-scan/bad.rb",
      "filename": ".",
      "source": {
        "start": 4,
        "end": 4,
        "column": {
          "start": 1,
          "end": 44
        }
      },
      "sink": {
        "start": 4,
        "end": 4,
        "column": {
          "start": 1,
          "end": 44
        },
        "content": "validates :attr, format: { with: /oops\\\\z/ }"
      },
      "parent_line_number": 4,
      "snippet": "validates :attr, format: { with: /oops\\\\z/ }",
      "fingerprint": "2413542e48eb6c729510ed1ba924b4cb_3",
      "old_fingerprint": "97ed93c4b804498902421b9fcd7b5dfd_3",
      "code_extract": "validates :attr, format: { with: /oops\\\\z/ }"
    },
    {
      "cwe_ids": [
        "625"
      ],
      "id": "ruby_rails_permissive_regex_validation",
      "title": "Validation using permissive regular expression detected.",
      "description": "## Description\\n\\nValidations using regular expressions should use the start of text (\\\\A) and\\nend of text (\\\\z or \\\\Z) boundaries.\\n\\n## Remediations\\n\\n❌ Avoid matching without start and end boundaries:\\n\\n\`\`\`ruby\\nvalidates :attribute, format: { with: /foo/}\\n\`\`\`\\n\\n❌ Avoid using line-based boundaries:\\n\\n\`\`\`ruby\\nvalidates :attribute, format: { with: /^foo$/}\\n\`\`\`\\n\\n✅ Use whole-text boundaries:\\n\\n\`\`\`ruby\\nvalidates :attribute1, format: { with: \\"\\\\Afoo\\\\Z\\"}\\nvalidates :attribute2, format: { with: \\"\\\\Afoo\\\\z\\"}\\n\`\`\`\\n<!--\\n## Resources\\n- [Active Record format validation](https://guides.rubyonrails.org/active_record_validations.html#format)\\n-->\\n",
      "documentation_url": "https://docs.bearer.com/reference/rules/ruby_rails_permissive_regex_validation",
      "line_number": 6,
      "full_filename": "/tmp/bearer-scan/bad.rb",
      "filename": ".",
      "source": {
        "start": 6,
        "end": 6,
        "column": {
          "start": 1,
          "end": 42
        }
      },
      "sink": {
        "start": 6,
        "end": 6,
        "column": {
          "start": 1,
          "end": 42
        },
        "content": "validates_format_of :attr, with: '^oops$'"
      },
      "parent_line_number": 6,
      "snippet": "validates_format_of :attr, with: '^oops$'",
      "fingerprint": "2413542e48eb6c729510ed1ba924b4cb_4",
      "old_fingerprint": "97ed93c4b804498902421b9fcd7b5dfd_4",
      "code_extract": "validates_format_of :attr, with: '^oops$'"
    }
  ]
}"
`;

exports[`ruby_rails_permissive_regex_validation ok 1`] = `"{}"`;
