// Jest Snapshot v1, https://goo.gl/fbAQLP

exports[`python_lang_weak_hash_sha1 bad 1`] = `
"{
  "high": [
    {
      "cwe_ids": [
        "328"
      ],
      "id": "python_lang_weak_hash_sha1",
      "title": "Usage of weak hashing library (SHA1)",
      "description": "## Description\\n\\nA weak hashing library can lead to data breaches and greater security risk.\\n\\n## Remediations\\nAccording to [OWASP](https://owasp.org/www-project-web-security-testing-guide/latest/4-Web_Application_Security_Testing/09-Testing_for_Weak_Cryptography/04-Testing_for_Weak_Encryption), MD5 and its predecessors are considered weak hash algorithms and therefore shouldn't be used.\\n\\n❌ Avoid libraries and algorithms with known weaknesses:\\n\\n\`\`\`python\\nhashlib.sha1('password').digest()\\n\`\`\`\\n\\n✅ Instead, we recommend using sha256:\\n\\n\`\`\`python\\nhashlib.sha256('password').digest()\\n\`\`\`\\n",
      "documentation_url": "https://docs.bearer.com/reference/rules/python_lang_weak_hash_sha1",
      "line_number": 11,
      "full_filename": "/tmp/bearer-scan/bad.py",
      "filename": ".",
      "data_type": {
        "category_uuid": "14124881-6b92-4fc5-8005-ea7c1c09592e",
        "name": "Fullname"
      },
      "category_groups": [
        "PII",
        "Personal Data"
      ],
      "source": {
        "start": 10,
        "end": 10,
        "column": {
          "start": 12,
          "end": 21
        }
      },
      "sink": {
        "start": 11,
        "end": 11,
        "column": {
          "start": 10,
          "end": 41
        },
        "content": "hashlib.sha1(username.encode())"
      },
      "parent_line_number": 11,
      "snippet": "hashlib.sha1(username.encode())",
      "fingerprint": "7038cad9473fc880f426a26da1b2d2ee_2",
      "old_fingerprint": "82737e59f2a58255aa7c3c1cf4650a0c_2",
      "code_extract": "result = hashlib.sha1(username.encode())"
    }
  ],
  "low": [
    {
      "cwe_ids": [
        "328"
      ],
      "id": "python_lang_weak_hash_sha1",
      "title": "Usage of weak hashing library (SHA1)",
      "description": "## Description\\n\\nA weak hashing library can lead to data breaches and greater security risk.\\n\\n## Remediations\\nAccording to [OWASP](https://owasp.org/www-project-web-security-testing-guide/latest/4-Web_Application_Security_Testing/09-Testing_for_Weak_Cryptography/04-Testing_for_Weak_Encryption), MD5 and its predecessors are considered weak hash algorithms and therefore shouldn't be used.\\n\\n❌ Avoid libraries and algorithms with known weaknesses:\\n\\n\`\`\`python\\nhashlib.sha1('password').digest()\\n\`\`\`\\n\\n✅ Instead, we recommend using sha256:\\n\\n\`\`\`python\\nhashlib.sha256('password').digest()\\n\`\`\`\\n",
      "documentation_url": "https://docs.bearer.com/reference/rules/python_lang_weak_hash_sha1",
      "line_number": 4,
      "full_filename": "/tmp/bearer-scan/bad.py",
      "filename": ".",
      "category_groups": [
        "PII",
        "Personal Data"
      ],
      "source": {
        "start": 4,
        "end": 4,
        "column": {
          "start": 1,
          "end": 26
        }
      },
      "sink": {
        "start": 4,
        "end": 4,
        "column": {
          "start": 1,
          "end": 26
        },
        "content": "result.update('password')"
      },
      "parent_line_number": 4,
      "snippet": "result.update('password')",
      "fingerprint": "7038cad9473fc880f426a26da1b2d2ee_0",
      "old_fingerprint": "82737e59f2a58255aa7c3c1cf4650a0c_0",
      "code_extract": "result.update('password')"
    },
    {
      "cwe_ids": [
        "328"
      ],
      "id": "python_lang_weak_hash_sha1",
      "title": "Usage of weak hashing library (SHA1)",
      "description": "## Description\\n\\nA weak hashing library can lead to data breaches and greater security risk.\\n\\n## Remediations\\nAccording to [OWASP](https://owasp.org/www-project-web-security-testing-guide/latest/4-Web_Application_Security_Testing/09-Testing_for_Weak_Cryptography/04-Testing_for_Weak_Encryption), MD5 and its predecessors are considered weak hash algorithms and therefore shouldn't be used.\\n\\n❌ Avoid libraries and algorithms with known weaknesses:\\n\\n\`\`\`python\\nhashlib.sha1('password').digest()\\n\`\`\`\\n\\n✅ Instead, we recommend using sha256:\\n\\n\`\`\`python\\nhashlib.sha256('password').digest()\\n\`\`\`\\n",
      "documentation_url": "https://docs.bearer.com/reference/rules/python_lang_weak_hash_sha1",
      "line_number": 7,
      "full_filename": "/tmp/bearer-scan/bad.py",
      "filename": ".",
      "category_groups": [
        "PII",
        "Personal Data"
      ],
      "source": {
        "start": 7,
        "end": 7,
        "column": {
          "start": 10,
          "end": 35
        }
      },
      "sink": {
        "start": 7,
        "end": 7,
        "column": {
          "start": 10,
          "end": 35
        },
        "content": "hashlib.sha1(b'password')"
      },
      "parent_line_number": 7,
      "snippet": "hashlib.sha1(b'password')",
      "fingerprint": "7038cad9473fc880f426a26da1b2d2ee_1",
      "old_fingerprint": "82737e59f2a58255aa7c3c1cf4650a0c_1",
      "code_extract": "result = hashlib.sha1(b'password')"
    }
  ]
}"
`;

exports[`python_lang_weak_hash_sha1 ok 1`] = `"{}"`;
