// Jest Snapshot v1, https://goo.gl/fbAQLP

exports[`php_lang_insecure_allow_origin bad 1`] = `
"{
  "low": [
    {
      "cwe_ids": [
        "346"
      ],
      "id": "php_lang_insecure_allow_origin",
      "title": "Unsanitized user input in Access-Control-Allow-Origin",
      "description": "## Description\\nDo not use unverified user-defined input to define Access-Control-Allow-Origin.\\nThis can lead to unintended user access to sensitive data.\\n\\n## Remediations\\n❌ Avoid defining origins with user input wherever possible.\\n\\n✅ If unavoidable, be sure to verify the input or to use a safe-list.\\n\\n## Resources\\n- [OWASP Origin & Access-Control-Allow-Origin](https://owasp.org/www-project-web-security-testing-guide/latest/4-Web_Application_Security_Testing/11-Client-side_Testing/07-Testing_Cross_Origin_Resource_Sharing)\\n",
      "documentation_url": "https://docs.bearer.com/reference/rules/php_lang_insecure_allow_origin",
      "line_number": 3,
      "full_filename": "/tmp/bearer-scan/bad.php",
      "filename": ".",
      "source": {
        "start": 3,
        "end": 3,
        "column": {
          "start": 1,
          "end": 61
        }
      },
      "sink": {
        "start": 3,
        "end": 3,
        "column": {
          "start": 1,
          "end": 61
        },
        "content": "header(\\"Access-Control-Allow-Origin: {$_GET['oops']}\\", true)"
      },
      "parent_line_number": 3,
      "snippet": "header(\\"Access-Control-Allow-Origin: {$_GET['oops']}\\", true)",
      "fingerprint": "055961f3c9f06836cbcdf8762d50cd60_0",
      "old_fingerprint": "8c9d6a461dca93e0a63edb762d2b2e76_0",
      "code_extract": "header(\\"Access-Control-Allow-Origin: {$_GET['oops']}\\", true);"
    }
  ]
}"
`;

exports[`php_lang_insecure_allow_origin ok 1`] = `"{}"`;
