// Jest Snapshot v1, https://goo.gl/fbAQLP

exports[`php_third_parties_open_telemetry bad 1`] = `
"{
  "high": [
    {
      "cwe_ids": [
        "201"
      ],
      "id": "php_third_parties_open_telemetry",
      "title": "Leakage of sensitive data to Open Telemetry",
      "description": "## Description\\nLeaking sensitive data to third-party loggers is a common cause of data\\nleaks and can lead to data breaches. This rule looks for instances of\\nsensitive data sent to Open Telemetry.\\n\\n## Remediations\\n\\nWhen logging errors or events, ensure all sensitive data is removed.\\n\\n## Resources\\n- [Open Telemetry Docs](https://opentelemetry.io/docs/)\\n",
      "documentation_url": "https://docs.bearer.com/reference/rules/php_third_parties_open_telemetry",
      "line_number": 15,
      "full_filename": "/tmp/bearer-scan/bad.php",
      "filename": ".",
      "data_type": {
        "category_uuid": "cef587dd-76db-430b-9e18-7b031e1a193b",
        "name": "Email Address"
      },
      "category_groups": [
        "PII",
        "Personal Data"
      ],
      "source": {
        "start": 15,
        "end": 15,
        "column": {
          "start": 40,
          "end": 52
        }
      },
      "sink": {
        "start": 15,
        "end": 15,
        "column": {
          "start": 9,
          "end": 53
        },
        "content": "$span->setAttribute(\\"user.id\\", $user->email)"
      },
      "parent_line_number": 15,
      "snippet": "$span->setAttribute(\\"user.id\\", $user->email)",
      "fingerprint": "b30091b3322780452da6146c94edb7ee_0",
      "old_fingerprint": "2724f3bc329bde641d4d8f6a41a3471e_0",
      "code_extract": "        $span->setAttribute(\\"user.id\\", $user->email);"
    },
    {
      "cwe_ids": [
        "201"
      ],
      "id": "php_third_parties_open_telemetry",
      "title": "Leakage of sensitive data to Open Telemetry",
      "description": "## Description\\nLeaking sensitive data to third-party loggers is a common cause of data\\nleaks and can lead to data breaches. This rule looks for instances of\\nsensitive data sent to Open Telemetry.\\n\\n## Remediations\\n\\nWhen logging errors or events, ensure all sensitive data is removed.\\n\\n## Resources\\n- [Open Telemetry Docs](https://opentelemetry.io/docs/)\\n",
      "documentation_url": "https://docs.bearer.com/reference/rules/php_third_parties_open_telemetry",
      "line_number": 19,
      "full_filename": "/tmp/bearer-scan/bad.php",
      "filename": ".",
      "data_type": {
        "category_uuid": "cef587dd-76db-430b-9e18-7b031e1a193b",
        "name": "Email Address"
      },
      "category_groups": [
        "PII",
        "Personal Data"
      ],
      "source": {
        "start": 19,
        "end": 19,
        "column": {
          "start": 52,
          "end": 64
        }
      },
      "sink": {
        "start": 19,
        "end": 19,
        "column": {
          "start": 9,
          "end": 65
        },
        "content": "$span->setStatus(StatusCode::STATUS_ERROR, $user->email)"
      },
      "parent_line_number": 19,
      "snippet": "$span->setStatus(StatusCode::STATUS_ERROR, $user->email)",
      "fingerprint": "b30091b3322780452da6146c94edb7ee_1",
      "old_fingerprint": "2724f3bc329bde641d4d8f6a41a3471e_1",
      "code_extract": "        $span->setStatus(StatusCode::STATUS_ERROR, $user->email);"
    },
    {
      "cwe_ids": [
        "201"
      ],
      "id": "php_third_parties_open_telemetry",
      "title": "Leakage of sensitive data to Open Telemetry",
      "description": "## Description\\nLeaking sensitive data to third-party loggers is a common cause of data\\nleaks and can lead to data breaches. This rule looks for instances of\\nsensitive data sent to Open Telemetry.\\n\\n## Remediations\\n\\nWhen logging errors or events, ensure all sensitive data is removed.\\n\\n## Resources\\n- [Open Telemetry Docs](https://opentelemetry.io/docs/)\\n",
      "documentation_url": "https://docs.bearer.com/reference/rules/php_third_parties_open_telemetry",
      "line_number": 32,
      "full_filename": "/tmp/bearer-scan/bad.php",
      "filename": ".",
      "data_type": {
        "category_uuid": "cef587dd-76db-430b-9e18-7b031e1a193b",
        "name": "Email Address"
      },
      "category_groups": [
        "PII",
        "Personal Data"
      ],
      "source": {
        "start": 24,
        "end": 24,
        "column": {
          "start": 13,
          "end": 25
        }
      },
      "sink": {
        "start": 32,
        "end": 32,
        "column": {
          "start": 1,
          "end": 41
        },
        "content": "$root->addEvent(\\"Foo\\", $eventAttributes)"
      },
      "parent_line_number": 32,
      "snippet": "$root->addEvent(\\"Foo\\", $eventAttributes)",
      "fingerprint": "b30091b3322780452da6146c94edb7ee_2",
      "old_fingerprint": "2724f3bc329bde641d4d8f6a41a3471e_2",
      "code_extract": "$root->addEvent(\\"Foo\\", $eventAttributes);"
    },
    {
      "cwe_ids": [
        "201"
      ],
      "id": "php_third_parties_open_telemetry",
      "title": "Leakage of sensitive data to Open Telemetry",
      "description": "## Description\\nLeaking sensitive data to third-party loggers is a common cause of data\\nleaks and can lead to data breaches. This rule looks for instances of\\nsensitive data sent to Open Telemetry.\\n\\n## Remediations\\n\\nWhen logging errors or events, ensure all sensitive data is removed.\\n\\n## Resources\\n- [Open Telemetry Docs](https://opentelemetry.io/docs/)\\n",
      "documentation_url": "https://docs.bearer.com/reference/rules/php_third_parties_open_telemetry",
      "line_number": 38,
      "full_filename": "/tmp/bearer-scan/bad.php",
      "filename": ".",
      "data_type": {
        "category_uuid": "cef587dd-76db-430b-9e18-7b031e1a193b",
        "name": "Email Address"
      },
      "category_groups": [
        "PII",
        "Personal Data"
      ],
      "source": {
        "start": 38,
        "end": 38,
        "column": {
          "start": 33,
          "end": 45
        }
      },
      "sink": {
        "start": 38,
        "end": 38,
        "column": {
          "start": 1,
          "end": 46
        },
        "content": "$span2->setAttribute(\\"user.id\\", $user->email)"
      },
      "parent_line_number": 38,
      "snippet": "$span2->setAttribute(\\"user.id\\", $user->email)",
      "fingerprint": "b30091b3322780452da6146c94edb7ee_3",
      "old_fingerprint": "2724f3bc329bde641d4d8f6a41a3471e_3",
      "code_extract": "$span2->setAttribute(\\"user.id\\", $user->email);"
    },
    {
      "cwe_ids": [
        "201"
      ],
      "id": "php_third_parties_open_telemetry",
      "title": "Leakage of sensitive data to Open Telemetry",
      "description": "## Description\\nLeaking sensitive data to third-party loggers is a common cause of data\\nleaks and can lead to data breaches. This rule looks for instances of\\nsensitive data sent to Open Telemetry.\\n\\n## Remediations\\n\\nWhen logging errors or events, ensure all sensitive data is removed.\\n\\n## Resources\\n- [Open Telemetry Docs](https://opentelemetry.io/docs/)\\n",
      "documentation_url": "https://docs.bearer.com/reference/rules/php_third_parties_open_telemetry",
      "line_number": 41,
      "full_filename": "/tmp/bearer-scan/bad.php",
      "filename": ".",
      "data_type": {
        "category_uuid": "cef587dd-76db-430b-9e18-7b031e1a193b",
        "name": "Email Address"
      },
      "category_groups": [
        "PII",
        "Personal Data"
      ],
      "source": {
        "start": 41,
        "end": 41,
        "column": {
          "start": 37,
          "end": 49
        }
      },
      "sink": {
        "start": 41,
        "end": 41,
        "column": {
          "start": 1,
          "end": 51
        },
        "content": "$span3->setAttributes([\\"user.id\\" => $user->email])"
      },
      "parent_line_number": 41,
      "snippet": "$span3->setAttributes([\\"user.id\\" => $user->email])",
      "fingerprint": "b30091b3322780452da6146c94edb7ee_4",
      "old_fingerprint": "2724f3bc329bde641d4d8f6a41a3471e_4",
      "code_extract": "$span3->setAttributes([\\"user.id\\" => $user->email]);"
    }
  ]
}"
`;

exports[`php_third_parties_open_telemetry ok 1`] = `"{}"`;
