// Jest Snapshot v1, https://goo.gl/fbAQLP

exports[`javascript_react_google_analytics insecure 1`] = `
"{
  "high": [
    {
      "cwe_ids": [
        "201"
      ],
      "id": "javascript_react_google_analytics",
      "title": "Sensitive data sent to Google Analytics detected.",
      "description": "## Description\\n\\nLeaking sensitive data to third-party analytics tools is a common cause of data leaks and can lead to data breaches. This rule looks for instances of sensitive data sent to Google Analytics.\\n\\n## Remediations\\n\\nWhen sending data to analytics libraries, ensure all sensitive data is removed.\\n\\n<!--\\n## Resources\\nComing soon.\\n-->\\n",
      "documentation_url": "https://docs.bearer.com/reference/rules/javascript_react_google_analytics",
      "line_number": 1,
      "full_filename": "/tmp/bearer-scan/insecure.js",
      "filename": ".",
      "data_type": {
        "category_uuid": "cef587dd-76db-430b-9e18-7b031e1a193b",
        "name": "Email Address"
      },
      "category_groups": [
        "PII",
        "Personal Data"
      ],
      "source": {
        "start": 1,
        "end": 1,
        "column": {
          "start": 16,
          "end": 40
        }
      },
      "sink": {
        "start": 2,
        "end": 6,
        "column": {
          "start": 1,
          "end": 3
        },
        "content": "ReactGA.event({\\n\\tcategory: \\"user\\",\\n\\taction: \\"logged_in\\",\\n\\tvalue: user.email,\\n})"
      },
      "parent_line_number": 2,
      "snippet": "ReactGA.event({\\n\\tcategory: \\"user\\",\\n\\taction: \\"logged_in\\",\\n\\tvalue: user.email,\\n})",
      "fingerprint": "16009a30042a079495df4d1ac0b9b830_0",
      "old_fingerprint": "03f5db1bd9f0262529b5d9614e2d889f_0"
    },
    {
      "cwe_ids": [
        "201"
      ],
      "id": "javascript_react_google_analytics",
      "title": "Sensitive data sent to Google Analytics detected.",
      "description": "## Description\\n\\nLeaking sensitive data to third-party analytics tools is a common cause of data leaks and can lead to data breaches. This rule looks for instances of sensitive data sent to Google Analytics.\\n\\n## Remediations\\n\\nWhen sending data to analytics libraries, ensure all sensitive data is removed.\\n\\n<!--\\n## Resources\\nComing soon.\\n-->\\n",
      "documentation_url": "https://docs.bearer.com/reference/rules/javascript_react_google_analytics",
      "line_number": 5,
      "full_filename": "/tmp/bearer-scan/insecure.js",
      "filename": ".",
      "data_type": {
        "category_uuid": "cef587dd-76db-430b-9e18-7b031e1a193b",
        "name": "Email Address"
      },
      "category_groups": [
        "PII",
        "Personal Data"
      ],
      "source": {
        "start": 5,
        "end": 5,
        "column": {
          "start": 9,
          "end": 19
        }
      },
      "sink": {
        "start": 2,
        "end": 6,
        "column": {
          "start": 1,
          "end": 3
        },
        "content": "ReactGA.event({\\n\\tcategory: \\"user\\",\\n\\taction: \\"logged_in\\",\\n\\tvalue: user.email,\\n})"
      },
      "parent_line_number": 2,
      "snippet": "ReactGA.event({\\n\\tcategory: \\"user\\",\\n\\taction: \\"logged_in\\",\\n\\tvalue: user.email,\\n})",
      "fingerprint": "16009a30042a079495df4d1ac0b9b830_1",
      "old_fingerprint": "03f5db1bd9f0262529b5d9614e2d889f_1"
    }
  ]
}"
`;

exports[`javascript_react_google_analytics secure 1`] = `"{}"`;
