// Jest Snapshot v1, https://goo.gl/fbAQLP

exports[`php_symfony_session_key_using_user_input bad 1`] = `
"{
  "high": [
    {
      "cwe_ids": [
        "1018"
      ],
      "id": "php_symfony_session_key_using_user_input",
      "title": "Unsanitized user input in session key",
      "description": "## Description\\nUsing user-defined data in a session key is bad practice and can allow\\nattackers to perform unsafe actions.\\n\\n## Remediations\\n❌ Avoid using user-defined data in session keys\\n\\n## Resources\\n- [OWASP Session management cheat sheet](https://cheatsheetseries.owasp.org/cheatsheets/Session_Management_Cheat_Sheet.html)\\n",
      "documentation_url": "https://docs.bearer.com/reference/rules/php_symfony_session_key_using_user_input",
      "line_number": 13,
      "full_filename": "/tmp/bearer-scan/bad.php",
      "filename": ".",
      "source": {
        "start": 13,
        "end": 13,
        "column": {
          "start": 9,
          "end": 38
        }
      },
      "sink": {
        "start": 13,
        "end": 13,
        "column": {
          "start": 9,
          "end": 38
        },
        "content": "$session->get($userInput, [])"
      },
      "parent_line_number": 13,
      "snippet": "$session->get($userInput, [])",
      "fingerprint": "b08def3e86ed6dc5cba388f51f1f206b_0",
      "old_fingerprint": "e48a41fc1e83e126fc89b1f1f2a00793_0",
      "code_extract": "        $session->get($userInput, []);"
    },
    {
      "cwe_ids": [
        "1018"
      ],
      "id": "php_symfony_session_key_using_user_input",
      "title": "Unsanitized user input in session key",
      "description": "## Description\\nUsing user-defined data in a session key is bad practice and can allow\\nattackers to perform unsafe actions.\\n\\n## Remediations\\n❌ Avoid using user-defined data in session keys\\n\\n## Resources\\n- [OWASP Session management cheat sheet](https://cheatsheetseries.owasp.org/cheatsheets/Session_Management_Cheat_Sheet.html)\\n",
      "documentation_url": "https://docs.bearer.com/reference/rules/php_symfony_session_key_using_user_input",
      "line_number": 14,
      "full_filename": "/tmp/bearer-scan/bad.php",
      "filename": ".",
      "source": {
        "start": 14,
        "end": 14,
        "column": {
          "start": 9,
          "end": 41
        }
      },
      "sink": {
        "start": 14,
        "end": 14,
        "column": {
          "start": 9,
          "end": 41
        },
        "content": "$session->put($userInput, $data)"
      },
      "parent_line_number": 14,
      "snippet": "$session->put($userInput, $data)",
      "fingerprint": "b08def3e86ed6dc5cba388f51f1f206b_1",
      "old_fingerprint": "e48a41fc1e83e126fc89b1f1f2a00793_1",
      "code_extract": "        $session->put($userInput, $data);"
    },
    {
      "cwe_ids": [
        "1018"
      ],
      "id": "php_symfony_session_key_using_user_input",
      "title": "Unsanitized user input in session key",
      "description": "## Description\\nUsing user-defined data in a session key is bad practice and can allow\\nattackers to perform unsafe actions.\\n\\n## Remediations\\n❌ Avoid using user-defined data in session keys\\n\\n## Resources\\n- [OWASP Session management cheat sheet](https://cheatsheetseries.owasp.org/cheatsheets/Session_Management_Cheat_Sheet.html)\\n",
      "documentation_url": "https://docs.bearer.com/reference/rules/php_symfony_session_key_using_user_input",
      "line_number": 20,
      "full_filename": "/tmp/bearer-scan/bad.php",
      "filename": ".",
      "source": {
        "start": 20,
        "end": 20,
        "column": {
          "start": 9,
          "end": 38
        }
      },
      "sink": {
        "start": 20,
        "end": 20,
        "column": {
          "start": 9,
          "end": 38
        },
        "content": "$session->get($userInput, [])"
      },
      "parent_line_number": 20,
      "snippet": "$session->get($userInput, [])",
      "fingerprint": "b08def3e86ed6dc5cba388f51f1f206b_2",
      "old_fingerprint": "e48a41fc1e83e126fc89b1f1f2a00793_2",
      "code_extract": "        $session->get($userInput, []);"
    },
    {
      "cwe_ids": [
        "1018"
      ],
      "id": "php_symfony_session_key_using_user_input",
      "title": "Unsanitized user input in session key",
      "description": "## Description\\nUsing user-defined data in a session key is bad practice and can allow\\nattackers to perform unsafe actions.\\n\\n## Remediations\\n❌ Avoid using user-defined data in session keys\\n\\n## Resources\\n- [OWASP Session management cheat sheet](https://cheatsheetseries.owasp.org/cheatsheets/Session_Management_Cheat_Sheet.html)\\n",
      "documentation_url": "https://docs.bearer.com/reference/rules/php_symfony_session_key_using_user_input",
      "line_number": 21,
      "full_filename": "/tmp/bearer-scan/bad.php",
      "filename": ".",
      "source": {
        "start": 21,
        "end": 21,
        "column": {
          "start": 9,
          "end": 41
        }
      },
      "sink": {
        "start": 21,
        "end": 21,
        "column": {
          "start": 9,
          "end": 41
        },
        "content": "$session->put($userInput, $data)"
      },
      "parent_line_number": 21,
      "snippet": "$session->put($userInput, $data)",
      "fingerprint": "b08def3e86ed6dc5cba388f51f1f206b_3",
      "old_fingerprint": "e48a41fc1e83e126fc89b1f1f2a00793_3",
      "code_extract": "        $session->put($userInput, $data);"
    },
    {
      "cwe_ids": [
        "1018"
      ],
      "id": "php_symfony_session_key_using_user_input",
      "title": "Unsanitized user input in session key",
      "description": "## Description\\nUsing user-defined data in a session key is bad practice and can allow\\nattackers to perform unsafe actions.\\n\\n## Remediations\\n❌ Avoid using user-defined data in session keys\\n\\n## Resources\\n- [OWASP Session management cheat sheet](https://cheatsheetseries.owasp.org/cheatsheets/Session_Management_Cheat_Sheet.html)\\n",
      "documentation_url": "https://docs.bearer.com/reference/rules/php_symfony_session_key_using_user_input",
      "line_number": 33,
      "full_filename": "/tmp/bearer-scan/bad.php",
      "filename": ".",
      "source": {
        "start": 33,
        "end": 33,
        "column": {
          "start": 5,
          "end": 34
        }
      },
      "sink": {
        "start": 33,
        "end": 33,
        "column": {
          "start": 5,
          "end": 34
        },
        "content": "$session->get($userInput, [])"
      },
      "parent_line_number": 33,
      "snippet": "$session->get($userInput, [])",
      "fingerprint": "b08def3e86ed6dc5cba388f51f1f206b_4",
      "old_fingerprint": "e48a41fc1e83e126fc89b1f1f2a00793_4",
      "code_extract": "    $session->get($userInput, []);"
    },
    {
      "cwe_ids": [
        "1018"
      ],
      "id": "php_symfony_session_key_using_user_input",
      "title": "Unsanitized user input in session key",
      "description": "## Description\\nUsing user-defined data in a session key is bad practice and can allow\\nattackers to perform unsafe actions.\\n\\n## Remediations\\n❌ Avoid using user-defined data in session keys\\n\\n## Resources\\n- [OWASP Session management cheat sheet](https://cheatsheetseries.owasp.org/cheatsheets/Session_Management_Cheat_Sheet.html)\\n",
      "documentation_url": "https://docs.bearer.com/reference/rules/php_symfony_session_key_using_user_input",
      "line_number": 34,
      "full_filename": "/tmp/bearer-scan/bad.php",
      "filename": ".",
      "source": {
        "start": 34,
        "end": 34,
        "column": {
          "start": 5,
          "end": 37
        }
      },
      "sink": {
        "start": 34,
        "end": 34,
        "column": {
          "start": 5,
          "end": 37
        },
        "content": "$session->put($userInput, $data)"
      },
      "parent_line_number": 34,
      "snippet": "$session->put($userInput, $data)",
      "fingerprint": "b08def3e86ed6dc5cba388f51f1f206b_5",
      "old_fingerprint": "e48a41fc1e83e126fc89b1f1f2a00793_5",
      "code_extract": "    $session->put($userInput, $data);"
    }
  ]
}"
`;

exports[`php_symfony_session_key_using_user_input ok 1`] = `"{}"`;
