// Jest Snapshot v1, https://goo.gl/fbAQLP

exports[`python_lang_weak_password_encryption_sha1 bad 1`] = `
"{
  "high": [
    {
      "cwe_ids": [
        "331",
        "328"
      ],
      "id": "python_lang_weak_password_encryption_sha1",
      "title": "Weak encryption algorithm (SHA1) used for password detected.",
      "description": "## Description\\n\\nA weak hashing library can lead to data breaches and greater security risk.\\n\\n## Remediations\\nAccording to [OWASP](https://owasp.org/www-project-web-security-testing-guide/latest/4-Web_Application_Security_Testing/09-Testing_for_Weak_Cryptography/04-Testing_for_Weak_Encryption), sha1 and its predecessors are considered weak hash algorithms and therefore shouldn't be used.\\n\\n❌ Do not use encryption for passwords, wherever possible:\\n\\n\`\`\`python\\nhashlib.sha1(user.password).digest()\\n\`\`\`\\n\\n✅ Instead, we recommend using sha256:\\n\\n\`\`\`python\\nhashlib.sha256(user.password).digest()\\n\`\`\`\\n",
      "documentation_url": "https://docs.bearer.com/reference/rules/python_lang_weak_password_encryption_sha1",
      "line_number": 4,
      "full_filename": "/tmp/bearer-scan/bad.py",
      "filename": ".",
      "data_type": {
        "category_uuid": "dd88aee5-9d40-4ad2-8983-0c791ddec47c",
        "name": "Passwords"
      },
      "category_groups": [
        "PII",
        "Personal Data"
      ],
      "source": {
        "start": 4,
        "end": 4,
        "column": {
          "start": 15,
          "end": 28
        }
      },
      "sink": {
        "start": 4,
        "end": 4,
        "column": {
          "start": 1,
          "end": 29
        },
        "content": "result.update(user.password)"
      },
      "parent_line_number": 4,
      "snippet": "result.update(user.password)",
      "fingerprint": "6f318fa85d638da4930de2d64f16a4d2_0",
      "old_fingerprint": "60f59b3c3856ac329dff2a88ed8988b6_0",
      "code_extract": "result.update(user.password)"
    },
    {
      "cwe_ids": [
        "331",
        "328"
      ],
      "id": "python_lang_weak_password_encryption_sha1",
      "title": "Weak encryption algorithm (SHA1) used for password detected.",
      "description": "## Description\\n\\nA weak hashing library can lead to data breaches and greater security risk.\\n\\n## Remediations\\nAccording to [OWASP](https://owasp.org/www-project-web-security-testing-guide/latest/4-Web_Application_Security_Testing/09-Testing_for_Weak_Cryptography/04-Testing_for_Weak_Encryption), sha1 and its predecessors are considered weak hash algorithms and therefore shouldn't be used.\\n\\n❌ Do not use encryption for passwords, wherever possible:\\n\\n\`\`\`python\\nhashlib.sha1(user.password).digest()\\n\`\`\`\\n\\n✅ Instead, we recommend using sha256:\\n\\n\`\`\`python\\nhashlib.sha256(user.password).digest()\\n\`\`\`\\n",
      "documentation_url": "https://docs.bearer.com/reference/rules/python_lang_weak_password_encryption_sha1",
      "line_number": 7,
      "full_filename": "/tmp/bearer-scan/bad.py",
      "filename": ".",
      "data_type": {
        "category_uuid": "dd88aee5-9d40-4ad2-8983-0c791ddec47c",
        "name": "Passwords"
      },
      "category_groups": [
        "PII",
        "Personal Data"
      ],
      "source": {
        "start": 7,
        "end": 7,
        "column": {
          "start": 23,
          "end": 36
        }
      },
      "sink": {
        "start": 7,
        "end": 7,
        "column": {
          "start": 10,
          "end": 37
        },
        "content": "hashlib.sha1(user.password)"
      },
      "parent_line_number": 7,
      "snippet": "hashlib.sha1(user.password)",
      "fingerprint": "6f318fa85d638da4930de2d64f16a4d2_1",
      "old_fingerprint": "60f59b3c3856ac329dff2a88ed8988b6_1",
      "code_extract": "result = hashlib.sha1(user.password)"
    },
    {
      "cwe_ids": [
        "331",
        "328"
      ],
      "id": "python_lang_weak_password_encryption_sha1",
      "title": "Weak encryption algorithm (SHA1) used for password detected.",
      "description": "## Description\\n\\nA weak hashing library can lead to data breaches and greater security risk.\\n\\n## Remediations\\nAccording to [OWASP](https://owasp.org/www-project-web-security-testing-guide/latest/4-Web_Application_Security_Testing/09-Testing_for_Weak_Cryptography/04-Testing_for_Weak_Encryption), sha1 and its predecessors are considered weak hash algorithms and therefore shouldn't be used.\\n\\n❌ Do not use encryption for passwords, wherever possible:\\n\\n\`\`\`python\\nhashlib.sha1(user.password).digest()\\n\`\`\`\\n\\n✅ Instead, we recommend using sha256:\\n\\n\`\`\`python\\nhashlib.sha256(user.password).digest()\\n\`\`\`\\n",
      "documentation_url": "https://docs.bearer.com/reference/rules/python_lang_weak_password_encryption_sha1",
      "line_number": 11,
      "full_filename": "/tmp/bearer-scan/bad.py",
      "filename": ".",
      "data_type": {
        "category_uuid": "dd88aee5-9d40-4ad2-8983-0c791ddec47c",
        "name": "Passwords"
      },
      "category_groups": [
        "PII",
        "Personal Data"
      ],
      "source": {
        "start": 10,
        "end": 10,
        "column": {
          "start": 12,
          "end": 25
        }
      },
      "sink": {
        "start": 11,
        "end": 11,
        "column": {
          "start": 10,
          "end": 41
        },
        "content": "hashlib.sha1(password.encode())"
      },
      "parent_line_number": 11,
      "snippet": "hashlib.sha1(password.encode())",
      "fingerprint": "6f318fa85d638da4930de2d64f16a4d2_2",
      "old_fingerprint": "60f59b3c3856ac329dff2a88ed8988b6_2",
      "code_extract": "result = hashlib.sha1(password.encode())"
    }
  ]
}"
`;

exports[`python_lang_weak_password_encryption_sha1 ok 1`] = `"{}"`;
