// Jest Snapshot v1, https://goo.gl/fbAQLP

exports[`php_lang_ftp_using_user_input bad 1`] = `
"{
  "high": [
    {
      "cwe_ids": [
        "73"
      ],
      "id": "php_lang_ftp_using_user_input",
      "title": "Unsanitized user input in FTP request",
      "description": "## Description\\nUsing raw unsanitized input with FTP methods is bad practice.\\nIt could put your application at risk for code injection attacks, or lead\\nto path traversal, by which attackers can gain access to resources outside\\nof the intended scope.\\n\\n## Remediations\\n❌ Do not form filenames or file paths for FTP from raw user input\\n\`\`\`php\\n$connection = ftp_ssl_connect(\\"ftp.example.com\\", 21);\\nftp_delete($connection, $_GET[\\"name\\"]);\\n\`\`\`\\n❌ Do not pass raw user input as arguments to FTP methods\\n\\n\`\`\`php\\n$connection = ftp_ssl_connect($_GET[\\"host\\"], 21);\\n\`\`\`\\n\\n## Resources\\n- [OWASP code injection](https://owasp.org/www-community/attacks/Code_Injection)\\n- [OWASP path traversal](https://owasp.org/www-community/attacks/Path_Traversal)\\n",
      "documentation_url": "https://docs.bearer.com/reference/rules/php_lang_ftp_using_user_input",
      "line_number": 5,
      "full_filename": "/tmp/bearer-scan/bad.php",
      "filename": ".",
      "source": {
        "start": 5,
        "end": 5,
        "column": {
          "start": 1,
          "end": 24
        }
      },
      "sink": {
        "start": 5,
        "end": 5,
        "column": {
          "start": 1,
          "end": 24
        },
        "content": "ftp_connect($ok, $oops)"
      },
      "parent_line_number": 5,
      "snippet": "ftp_connect($ok, $oops)",
      "fingerprint": "2eceec143fd1eeeff83314d1f8a2609b_0",
      "old_fingerprint": "56eed3fb004b7cf235e01bb4d6bfbbaf_0",
      "code_extract": "ftp_connect($ok, $oops);"
    },
    {
      "cwe_ids": [
        "73"
      ],
      "id": "php_lang_ftp_using_user_input",
      "title": "Unsanitized user input in FTP request",
      "description": "## Description\\nUsing raw unsanitized input with FTP methods is bad practice.\\nIt could put your application at risk for code injection attacks, or lead\\nto path traversal, by which attackers can gain access to resources outside\\nof the intended scope.\\n\\n## Remediations\\n❌ Do not form filenames or file paths for FTP from raw user input\\n\`\`\`php\\n$connection = ftp_ssl_connect(\\"ftp.example.com\\", 21);\\nftp_delete($connection, $_GET[\\"name\\"]);\\n\`\`\`\\n❌ Do not pass raw user input as arguments to FTP methods\\n\\n\`\`\`php\\n$connection = ftp_ssl_connect($_GET[\\"host\\"], 21);\\n\`\`\`\\n\\n## Resources\\n- [OWASP code injection](https://owasp.org/www-community/attacks/Code_Injection)\\n- [OWASP path traversal](https://owasp.org/www-community/attacks/Path_Traversal)\\n",
      "documentation_url": "https://docs.bearer.com/reference/rules/php_lang_ftp_using_user_input",
      "line_number": 7,
      "full_filename": "/tmp/bearer-scan/bad.php",
      "filename": ".",
      "source": {
        "start": 7,
        "end": 7,
        "column": {
          "start": 15,
          "end": 42
        }
      },
      "sink": {
        "start": 7,
        "end": 7,
        "column": {
          "start": 15,
          "end": 42
        },
        "content": "ftp_ssl_connect($oops, $ok)"
      },
      "parent_line_number": 7,
      "snippet": "ftp_ssl_connect($oops, $ok)",
      "fingerprint": "2eceec143fd1eeeff83314d1f8a2609b_1",
      "old_fingerprint": "56eed3fb004b7cf235e01bb4d6bfbbaf_1",
      "code_extract": "$connection = ftp_ssl_connect($oops, $ok);"
    },
    {
      "cwe_ids": [
        "73"
      ],
      "id": "php_lang_ftp_using_user_input",
      "title": "Unsanitized user input in FTP request",
      "description": "## Description\\nUsing raw unsanitized input with FTP methods is bad practice.\\nIt could put your application at risk for code injection attacks, or lead\\nto path traversal, by which attackers can gain access to resources outside\\nof the intended scope.\\n\\n## Remediations\\n❌ Do not form filenames or file paths for FTP from raw user input\\n\`\`\`php\\n$connection = ftp_ssl_connect(\\"ftp.example.com\\", 21);\\nftp_delete($connection, $_GET[\\"name\\"]);\\n\`\`\`\\n❌ Do not pass raw user input as arguments to FTP methods\\n\\n\`\`\`php\\n$connection = ftp_ssl_connect($_GET[\\"host\\"], 21);\\n\`\`\`\\n\\n## Resources\\n- [OWASP code injection](https://owasp.org/www-community/attacks/Code_Injection)\\n- [OWASP path traversal](https://owasp.org/www-community/attacks/Path_Traversal)\\n",
      "documentation_url": "https://docs.bearer.com/reference/rules/php_lang_ftp_using_user_input",
      "line_number": 8,
      "full_filename": "/tmp/bearer-scan/bad.php",
      "filename": ".",
      "source": {
        "start": 8,
        "end": 8,
        "column": {
          "start": 1,
          "end": 31
        }
      },
      "sink": {
        "start": 8,
        "end": 8,
        "column": {
          "start": 1,
          "end": 31
        },
        "content": "ftp_delete($connection, $oops)"
      },
      "parent_line_number": 8,
      "snippet": "ftp_delete($connection, $oops)",
      "fingerprint": "2eceec143fd1eeeff83314d1f8a2609b_2",
      "old_fingerprint": "56eed3fb004b7cf235e01bb4d6bfbbaf_2",
      "code_extract": "ftp_delete($connection, $oops);"
    }
  ]
}"
`;

exports[`php_lang_ftp_using_user_input ok 1`] = `"{}"`;
