// Jest Snapshot v1, https://goo.gl/fbAQLP

exports[`javascript_express_helmet_missing index 1`] = `"{}"`;

exports[`javascript_express_helmet_missing insecure 1`] = `
"{
  "low": [
    {
      "cwe_ids": [
        "693"
      ],
      "id": "javascript_express_helmet_missing",
      "title": "Security misconfiguration detected (Helmet missing).",
      "description": "## Description\\n\\nHelmet can help protect your app from some well-known web vulnerabilities by setting HTTP headers appropriately.\\n\\n## Remediations\\n\\nâœ… Use Helmet middleware\\n\\n\`\`\`javascript\\nconst helmet = require(\\"helmet\\")\\napp.use(helmet())\\n\`\`\`\\n\\n## Resources\\n\\n- [Express Security Best Practices: Use Helmet](https://expressjs.com/en/advanced/best-practice-security.html#use-helmet)\\n",
      "documentation_url": "https://docs.bearer.com/reference/rules/javascript_express_helmet_missing",
      "line_number": 4,
      "full_filename": "/tmp/bearer-scan/insecure.js",
      "filename": ".",
      "source": {
        "start": 4,
        "end": 4,
        "column": {
          "start": 11,
          "end": 15
        }
      },
      "sink": {
        "start": 4,
        "end": 4,
        "column": {
          "start": 11,
          "end": 15
        },
        "content": "ex()"
      },
      "parent_line_number": 4,
      "snippet": "ex()",
      "fingerprint": "124650418e34cb20fdd3bfe81d2a05e2_0",
      "old_fingerprint": "623670335300b582638d97b40e11dc87_0"
    }
  ]
}"
`;

exports[`javascript_express_helmet_missing secure 1`] = `"{}"`;

exports[`javascript_express_helmet_missing secure_part 1`] = `"{}"`;
