// Jest Snapshot v1, https://goo.gl/fbAQLP

exports[`ruby_lang_http_insecure insecure_curb 1`] = `
"{
  "low": [
    {
      "cwe_ids": [
        "319"
      ],
      "id": "ruby_lang_http_insecure",
      "title": "Communication through an insecure HTTP connection detected.",
      "description": "## Description\\n\\nApplications should only connect to API using HTTPS connections. This rule checks that all HTTP connections use HTTPS.\\n\\n## Remediations\\n\\n❌ Avoid using unsecured outgoing HTTP communication, especially in the context of API calls:\\n\\n\`\`\`ruby\\nresponse = HTTParty.get('http://insecure-api.com')\\n\`\`\`\\n\\n✅ Ensure to always connect though HTTPS:\\n\\n\`\`\`ruby\\nresponse = HTTParty.get('https://secure-api.com')\\n\`\`\`\\n\\n## Resources\\n- [OWASP insecure transport](https://owasp.org/www-community/vulnerabilities/Insecure_Transport)\\n",
      "documentation_url": "https://docs.bearer.com/reference/rules/ruby_lang_http_insecure",
      "line_number": 3,
      "full_filename": "/tmp/bearer-scan/insecure_curb.rb",
      "filename": ".",
      "source": {
        "start": 3,
        "end": 4,
        "column": {
          "start": 1,
          "end": 4
        }
      },
      "sink": {
        "start": 3,
        "end": 4,
        "column": {
          "start": 1,
          "end": 4
        },
        "content": "Curl.http(\\"GET\\", \\"http://my.api.com/users/search\\", nil) do\\nend"
      },
      "parent_line_number": 3,
      "snippet": "Curl.http(\\"GET\\", \\"http://my.api.com/users/search\\", nil) do\\nend",
      "fingerprint": "e9e2ed12574caf1a717fbe12e9ece4c1_0",
      "old_fingerprint": "ed4ed4775149f76bd6c1bf2507a05777_0",
      "code_extract": "Curl.http(\\"GET\\", \\"http://my.api.com/users/search\\", nil) do\\nend"
    },
    {
      "cwe_ids": [
        "319"
      ],
      "id": "ruby_lang_http_insecure",
      "title": "Communication through an insecure HTTP connection detected.",
      "description": "## Description\\n\\nApplications should only connect to API using HTTPS connections. This rule checks that all HTTP connections use HTTPS.\\n\\n## Remediations\\n\\n❌ Avoid using unsecured outgoing HTTP communication, especially in the context of API calls:\\n\\n\`\`\`ruby\\nresponse = HTTParty.get('http://insecure-api.com')\\n\`\`\`\\n\\n✅ Ensure to always connect though HTTPS:\\n\\n\`\`\`ruby\\nresponse = HTTParty.get('https://secure-api.com')\\n\`\`\`\\n\\n## Resources\\n- [OWASP insecure transport](https://owasp.org/www-community/vulnerabilities/Insecure_Transport)\\n",
      "documentation_url": "https://docs.bearer.com/reference/rules/ruby_lang_http_insecure",
      "line_number": 6,
      "full_filename": "/tmp/bearer-scan/insecure_curb.rb",
      "filename": ".",
      "source": {
        "start": 6,
        "end": 6,
        "column": {
          "start": 1,
          "end": 46
        }
      },
      "sink": {
        "start": 6,
        "end": 6,
        "column": {
          "start": 1,
          "end": 46
        },
        "content": "Curl.get(\\"http://my.api.com/users/search\\") {}"
      },
      "parent_line_number": 6,
      "snippet": "Curl.get(\\"http://my.api.com/users/search\\") {}",
      "fingerprint": "e9e2ed12574caf1a717fbe12e9ece4c1_1",
      "old_fingerprint": "ed4ed4775149f76bd6c1bf2507a05777_1",
      "code_extract": "Curl.get(\\"http://my.api.com/users/search\\") {}"
    },
    {
      "cwe_ids": [
        "319"
      ],
      "id": "ruby_lang_http_insecure",
      "title": "Communication through an insecure HTTP connection detected.",
      "description": "## Description\\n\\nApplications should only connect to API using HTTPS connections. This rule checks that all HTTP connections use HTTPS.\\n\\n## Remediations\\n\\n❌ Avoid using unsecured outgoing HTTP communication, especially in the context of API calls:\\n\\n\`\`\`ruby\\nresponse = HTTParty.get('http://insecure-api.com')\\n\`\`\`\\n\\n✅ Ensure to always connect though HTTPS:\\n\\n\`\`\`ruby\\nresponse = HTTParty.get('https://secure-api.com')\\n\`\`\`\\n\\n## Resources\\n- [OWASP insecure transport](https://owasp.org/www-community/vulnerabilities/Insecure_Transport)\\n",
      "documentation_url": "https://docs.bearer.com/reference/rules/ruby_lang_http_insecure",
      "line_number": 8,
      "full_filename": "/tmp/bearer-scan/insecure_curb.rb",
      "filename": ".",
      "source": {
        "start": 8,
        "end": 8,
        "column": {
          "start": 1,
          "end": 56
        }
      },
      "sink": {
        "start": 8,
        "end": 8,
        "column": {
          "start": 1,
          "end": 56
        },
        "content": "Curl::Easy.perform(\\"http://my.api.com/users/search\\") {}"
      },
      "parent_line_number": 8,
      "snippet": "Curl::Easy.perform(\\"http://my.api.com/users/search\\") {}",
      "fingerprint": "e9e2ed12574caf1a717fbe12e9ece4c1_2",
      "old_fingerprint": "ed4ed4775149f76bd6c1bf2507a05777_2",
      "code_extract": "Curl::Easy.perform(\\"http://my.api.com/users/search\\") {}"
    },
    {
      "cwe_ids": [
        "319"
      ],
      "id": "ruby_lang_http_insecure",
      "title": "Communication through an insecure HTTP connection detected.",
      "description": "## Description\\n\\nApplications should only connect to API using HTTPS connections. This rule checks that all HTTP connections use HTTPS.\\n\\n## Remediations\\n\\n❌ Avoid using unsecured outgoing HTTP communication, especially in the context of API calls:\\n\\n\`\`\`ruby\\nresponse = HTTParty.get('http://insecure-api.com')\\n\`\`\`\\n\\n✅ Ensure to always connect though HTTPS:\\n\\n\`\`\`ruby\\nresponse = HTTParty.get('https://secure-api.com')\\n\`\`\`\\n\\n## Resources\\n- [OWASP insecure transport](https://owasp.org/www-community/vulnerabilities/Insecure_Transport)\\n",
      "documentation_url": "https://docs.bearer.com/reference/rules/ruby_lang_http_insecure",
      "line_number": 10,
      "full_filename": "/tmp/bearer-scan/insecure_curb.rb",
      "filename": ".",
      "source": {
        "start": 10,
        "end": 10,
        "column": {
          "start": 8,
          "end": 59
        }
      },
      "sink": {
        "start": 10,
        "end": 10,
        "column": {
          "start": 8,
          "end": 59
        },
        "content": "Curl::Easy.new(\\"http://my.api.com/users/search\\") {}"
      },
      "parent_line_number": 10,
      "snippet": "Curl::Easy.new(\\"http://my.api.com/users/search\\") {}",
      "fingerprint": "e9e2ed12574caf1a717fbe12e9ece4c1_3",
      "old_fingerprint": "ed4ed4775149f76bd6c1bf2507a05777_3",
      "code_extract": "easy = Curl::Easy.new(\\"http://my.api.com/users/search\\") {}"
    },
    {
      "cwe_ids": [
        "319"
      ],
      "id": "ruby_lang_http_insecure",
      "title": "Communication through an insecure HTTP connection detected.",
      "description": "## Description\\n\\nApplications should only connect to API using HTTPS connections. This rule checks that all HTTP connections use HTTPS.\\n\\n## Remediations\\n\\n❌ Avoid using unsecured outgoing HTTP communication, especially in the context of API calls:\\n\\n\`\`\`ruby\\nresponse = HTTParty.get('http://insecure-api.com')\\n\`\`\`\\n\\n✅ Ensure to always connect though HTTPS:\\n\\n\`\`\`ruby\\nresponse = HTTParty.get('https://secure-api.com')\\n\`\`\`\\n\\n## Resources\\n- [OWASP insecure transport](https://owasp.org/www-community/vulnerabilities/Insecure_Transport)\\n",
      "documentation_url": "https://docs.bearer.com/reference/rules/ruby_lang_http_insecure",
      "line_number": 11,
      "full_filename": "/tmp/bearer-scan/insecure_curb.rb",
      "filename": ".",
      "source": {
        "start": 11,
        "end": 11,
        "column": {
          "start": 1,
          "end": 41
        }
      },
      "sink": {
        "start": 11,
        "end": 11,
        "column": {
          "start": 1,
          "end": 41
        },
        "content": "easy.url = \\"http://my.api.com/customers\\""
      },
      "parent_line_number": 11,
      "snippet": "easy.url = \\"http://my.api.com/customers\\"",
      "fingerprint": "e9e2ed12574caf1a717fbe12e9ece4c1_4",
      "old_fingerprint": "ed4ed4775149f76bd6c1bf2507a05777_4",
      "code_extract": "easy.url = \\"http://my.api.com/customers\\""
    },
    {
      "cwe_ids": [
        "319"
      ],
      "id": "ruby_lang_http_insecure",
      "title": "Communication through an insecure HTTP connection detected.",
      "description": "## Description\\n\\nApplications should only connect to API using HTTPS connections. This rule checks that all HTTP connections use HTTPS.\\n\\n## Remediations\\n\\n❌ Avoid using unsecured outgoing HTTP communication, especially in the context of API calls:\\n\\n\`\`\`ruby\\nresponse = HTTParty.get('http://insecure-api.com')\\n\`\`\`\\n\\n✅ Ensure to always connect though HTTPS:\\n\\n\`\`\`ruby\\nresponse = HTTParty.get('https://secure-api.com')\\n\`\`\`\\n\\n## Resources\\n- [OWASP insecure transport](https://owasp.org/www-community/vulnerabilities/Insecure_Transport)\\n",
      "documentation_url": "https://docs.bearer.com/reference/rules/ruby_lang_http_insecure",
      "line_number": 14,
      "full_filename": "/tmp/bearer-scan/insecure_curb.rb",
      "filename": ".",
      "source": {
        "start": 14,
        "end": 14,
        "column": {
          "start": 1,
          "end": 45
        }
      },
      "sink": {
        "start": 14,
        "end": 14,
        "column": {
          "start": 1,
          "end": 45
        },
        "content": "easy2.url = \\"http://my.api.com/users/search\\""
      },
      "parent_line_number": 14,
      "snippet": "easy2.url = \\"http://my.api.com/users/search\\"",
      "fingerprint": "e9e2ed12574caf1a717fbe12e9ece4c1_5",
      "old_fingerprint": "ed4ed4775149f76bd6c1bf2507a05777_5",
      "code_extract": "easy2.url = \\"http://my.api.com/users/search\\""
    },
    {
      "cwe_ids": [
        "319"
      ],
      "id": "ruby_lang_http_insecure",
      "title": "Communication through an insecure HTTP connection detected.",
      "description": "## Description\\n\\nApplications should only connect to API using HTTPS connections. This rule checks that all HTTP connections use HTTPS.\\n\\n## Remediations\\n\\n❌ Avoid using unsecured outgoing HTTP communication, especially in the context of API calls:\\n\\n\`\`\`ruby\\nresponse = HTTParty.get('http://insecure-api.com')\\n\`\`\`\\n\\n✅ Ensure to always connect though HTTPS:\\n\\n\`\`\`ruby\\nresponse = HTTParty.get('https://secure-api.com')\\n\`\`\`\\n\\n## Resources\\n- [OWASP insecure transport](https://owasp.org/www-community/vulnerabilities/Insecure_Transport)\\n",
      "documentation_url": "https://docs.bearer.com/reference/rules/ruby_lang_http_insecure",
      "line_number": 16,
      "full_filename": "/tmp/bearer-scan/insecure_curb.rb",
      "filename": ".",
      "source": {
        "start": 16,
        "end": 16,
        "column": {
          "start": 1,
          "end": 88
        }
      },
      "sink": {
        "start": 16,
        "end": 16,
        "column": {
          "start": 1,
          "end": 88
        },
        "content": "Curl::Multi.get([\\"https://my.api.com/secure\\", \\"http://my.api.com/users/search\\"], {}) {}"
      },
      "parent_line_number": 16,
      "snippet": "Curl::Multi.get([\\"https://my.api.com/secure\\", \\"http://my.api.com/users/search\\"], {}) {}",
      "fingerprint": "e9e2ed12574caf1a717fbe12e9ece4c1_6",
      "old_fingerprint": "ed4ed4775149f76bd6c1bf2507a05777_6",
      "code_extract": "Curl::Multi.get([\\"https://my.api.com/secure\\", \\"http://my.api.com/users/search\\"], {}) {}"
    },
    {
      "cwe_ids": [
        "319"
      ],
      "id": "ruby_lang_http_insecure",
      "title": "Communication through an insecure HTTP connection detected.",
      "description": "## Description\\n\\nApplications should only connect to API using HTTPS connections. This rule checks that all HTTP connections use HTTPS.\\n\\n## Remediations\\n\\n❌ Avoid using unsecured outgoing HTTP communication, especially in the context of API calls:\\n\\n\`\`\`ruby\\nresponse = HTTParty.get('http://insecure-api.com')\\n\`\`\`\\n\\n✅ Ensure to always connect though HTTPS:\\n\\n\`\`\`ruby\\nresponse = HTTParty.get('https://secure-api.com')\\n\`\`\`\\n\\n## Resources\\n- [OWASP insecure transport](https://owasp.org/www-community/vulnerabilities/Insecure_Transport)\\n",
      "documentation_url": "https://docs.bearer.com/reference/rules/ruby_lang_http_insecure",
      "line_number": 18,
      "full_filename": "/tmp/bearer-scan/insecure_curb.rb",
      "filename": ".",
      "source": {
        "start": 18,
        "end": 18,
        "column": {
          "start": 1,
          "end": 80
        }
      },
      "sink": {
        "start": 18,
        "end": 18,
        "column": {
          "start": 1,
          "end": 80
        },
        "content": "Curl::Multi.http([{ url: \\"http://my.api.com/users/search\\", method: :post }]) {}"
      },
      "parent_line_number": 18,
      "snippet": "Curl::Multi.http([{ url: \\"http://my.api.com/users/search\\", method: :post }]) {}",
      "fingerprint": "e9e2ed12574caf1a717fbe12e9ece4c1_7",
      "old_fingerprint": "ed4ed4775149f76bd6c1bf2507a05777_7",
      "code_extract": "Curl::Multi.http([{ url: \\"http://my.api.com/users/search\\", method: :post }]) {}"
    }
  ]
}"
`;

exports[`ruby_lang_http_insecure insecure_excon 1`] = `
"{
  "low": [
    {
      "cwe_ids": [
        "319"
      ],
      "id": "ruby_lang_http_insecure",
      "title": "Communication through an insecure HTTP connection detected.",
      "description": "## Description\\n\\nApplications should only connect to API using HTTPS connections. This rule checks that all HTTP connections use HTTPS.\\n\\n## Remediations\\n\\n❌ Avoid using unsecured outgoing HTTP communication, especially in the context of API calls:\\n\\n\`\`\`ruby\\nresponse = HTTParty.get('http://insecure-api.com')\\n\`\`\`\\n\\n✅ Ensure to always connect though HTTPS:\\n\\n\`\`\`ruby\\nresponse = HTTParty.get('https://secure-api.com')\\n\`\`\`\\n\\n## Resources\\n- [OWASP insecure transport](https://owasp.org/www-community/vulnerabilities/Insecure_Transport)\\n",
      "documentation_url": "https://docs.bearer.com/reference/rules/ruby_lang_http_insecure",
      "line_number": 1,
      "full_filename": "/tmp/bearer-scan/insecure_excon.rb",
      "filename": ".",
      "source": {
        "start": 1,
        "end": 1,
        "column": {
          "start": 14,
          "end": 64
        }
      },
      "sink": {
        "start": 1,
        "end": 1,
        "column": {
          "start": 14,
          "end": 64
        },
        "content": "Excon.new(\\"http://my.api.com/insecure\\", foo: true)"
      },
      "parent_line_number": 1,
      "snippet": "Excon.new(\\"http://my.api.com/insecure\\", foo: true)",
      "fingerprint": "e9e2ed12574caf1a717fbe12e9ece4c1_0",
      "old_fingerprint": "72fc3c351e59a683df92e57240947180_0",
      "code_extract": "connection = Excon.new(\\"http://my.api.com/insecure\\", foo: true)"
    },
    {
      "cwe_ids": [
        "319"
      ],
      "id": "ruby_lang_http_insecure",
      "title": "Communication through an insecure HTTP connection detected.",
      "description": "## Description\\n\\nApplications should only connect to API using HTTPS connections. This rule checks that all HTTP connections use HTTPS.\\n\\n## Remediations\\n\\n❌ Avoid using unsecured outgoing HTTP communication, especially in the context of API calls:\\n\\n\`\`\`ruby\\nresponse = HTTParty.get('http://insecure-api.com')\\n\`\`\`\\n\\n✅ Ensure to always connect though HTTPS:\\n\\n\`\`\`ruby\\nresponse = HTTParty.get('https://secure-api.com')\\n\`\`\`\\n\\n## Resources\\n- [OWASP insecure transport](https://owasp.org/www-community/vulnerabilities/Insecure_Transport)\\n",
      "documentation_url": "https://docs.bearer.com/reference/rules/ruby_lang_http_insecure",
      "line_number": 3,
      "full_filename": "/tmp/bearer-scan/insecure_excon.rb",
      "filename": ".",
      "source": {
        "start": 3,
        "end": 3,
        "column": {
          "start": 1,
          "end": 51
        }
      },
      "sink": {
        "start": 3,
        "end": 3,
        "column": {
          "start": 1,
          "end": 51
        },
        "content": "Excon.get(\\"http://my.api.com/insecure\\", foo: true)"
      },
      "parent_line_number": 3,
      "snippet": "Excon.get(\\"http://my.api.com/insecure\\", foo: true)",
      "fingerprint": "e9e2ed12574caf1a717fbe12e9ece4c1_1",
      "old_fingerprint": "72fc3c351e59a683df92e57240947180_1",
      "code_extract": "Excon.get(\\"http://my.api.com/insecure\\", foo: true)"
    }
  ]
}"
`;

exports[`ruby_lang_http_insecure insecure_get 1`] = `
"{
  "low": [
    {
      "cwe_ids": [
        "319"
      ],
      "id": "ruby_lang_http_insecure",
      "title": "Communication through an insecure HTTP connection detected.",
      "description": "## Description\\n\\nApplications should only connect to API using HTTPS connections. This rule checks that all HTTP connections use HTTPS.\\n\\n## Remediations\\n\\n❌ Avoid using unsecured outgoing HTTP communication, especially in the context of API calls:\\n\\n\`\`\`ruby\\nresponse = HTTParty.get('http://insecure-api.com')\\n\`\`\`\\n\\n✅ Ensure to always connect though HTTPS:\\n\\n\`\`\`ruby\\nresponse = HTTParty.get('https://secure-api.com')\\n\`\`\`\\n\\n## Resources\\n- [OWASP insecure transport](https://owasp.org/www-community/vulnerabilities/Insecure_Transport)\\n",
      "documentation_url": "https://docs.bearer.com/reference/rules/ruby_lang_http_insecure",
      "line_number": 1,
      "full_filename": "/tmp/bearer-scan/insecure_get.rb",
      "filename": ".",
      "source": {
        "start": 1,
        "end": 1,
        "column": {
          "start": 1,
          "end": 39
        }
      },
      "sink": {
        "start": 1,
        "end": 1,
        "column": {
          "start": 1,
          "end": 39
        },
        "content": "Faraday.get(\\"http://api.insecure.com\\")"
      },
      "parent_line_number": 1,
      "snippet": "Faraday.get(\\"http://api.insecure.com\\")",
      "fingerprint": "e9e2ed12574caf1a717fbe12e9ece4c1_0",
      "old_fingerprint": "f17e0ab1956ddfa047e72b1c5788889d_0",
      "code_extract": "Faraday.get(\\"http://api.insecure.com\\")"
    }
  ]
}"
`;

exports[`ruby_lang_http_insecure insecure_net_http 1`] = `
"{
  "low": [
    {
      "cwe_ids": [
        "319"
      ],
      "id": "ruby_lang_http_insecure",
      "title": "Communication through an insecure HTTP connection detected.",
      "description": "## Description\\n\\nApplications should only connect to API using HTTPS connections. This rule checks that all HTTP connections use HTTPS.\\n\\n## Remediations\\n\\n❌ Avoid using unsecured outgoing HTTP communication, especially in the context of API calls:\\n\\n\`\`\`ruby\\nresponse = HTTParty.get('http://insecure-api.com')\\n\`\`\`\\n\\n✅ Ensure to always connect though HTTPS:\\n\\n\`\`\`ruby\\nresponse = HTTParty.get('https://secure-api.com')\\n\`\`\`\\n\\n## Resources\\n- [OWASP insecure transport](https://owasp.org/www-community/vulnerabilities/Insecure_Transport)\\n",
      "documentation_url": "https://docs.bearer.com/reference/rules/ruby_lang_http_insecure",
      "line_number": 3,
      "full_filename": "/tmp/bearer-scan/insecure_net_http.rb",
      "filename": ".",
      "source": {
        "start": 3,
        "end": 3,
        "column": {
          "start": 12,
          "end": 65
        }
      },
      "sink": {
        "start": 3,
        "end": 3,
        "column": {
          "start": 12,
          "end": 65
        },
        "content": "Net::HTTP.post_form(\\"http://my.api.com/users/search\\")"
      },
      "parent_line_number": 3,
      "snippet": "Net::HTTP.post_form(\\"http://my.api.com/users/search\\")",
      "fingerprint": "e9e2ed12574caf1a717fbe12e9ece4c1_0",
      "old_fingerprint": "24263ba4d445a0507a91e8e911284264_0",
      "code_extract": "response = Net::HTTP.post_form(\\"http://my.api.com/users/search\\")"
    },
    {
      "cwe_ids": [
        "319"
      ],
      "id": "ruby_lang_http_insecure",
      "title": "Communication through an insecure HTTP connection detected.",
      "description": "## Description\\n\\nApplications should only connect to API using HTTPS connections. This rule checks that all HTTP connections use HTTPS.\\n\\n## Remediations\\n\\n❌ Avoid using unsecured outgoing HTTP communication, especially in the context of API calls:\\n\\n\`\`\`ruby\\nresponse = HTTParty.get('http://insecure-api.com')\\n\`\`\`\\n\\n✅ Ensure to always connect though HTTPS:\\n\\n\`\`\`ruby\\nresponse = HTTParty.get('https://secure-api.com')\\n\`\`\`\\n\\n## Resources\\n- [OWASP insecure transport](https://owasp.org/www-community/vulnerabilities/Insecure_Transport)\\n",
      "documentation_url": "https://docs.bearer.com/reference/rules/ruby_lang_http_insecure",
      "line_number": 5,
      "full_filename": "/tmp/bearer-scan/insecure_net_http.rb",
      "filename": ".",
      "source": {
        "start": 5,
        "end": 6,
        "column": {
          "start": 1,
          "end": 4
        }
      },
      "sink": {
        "start": 5,
        "end": 6,
        "column": {
          "start": 1,
          "end": 4
        },
        "content": "Net::HTTP.start(\\"http://my.api.com/users/search\\") do\\nend"
      },
      "parent_line_number": 5,
      "snippet": "Net::HTTP.start(\\"http://my.api.com/users/search\\") do\\nend",
      "fingerprint": "e9e2ed12574caf1a717fbe12e9ece4c1_1",
      "old_fingerprint": "24263ba4d445a0507a91e8e911284264_1",
      "code_extract": "Net::HTTP.start(\\"http://my.api.com/users/search\\") do\\nend"
    },
    {
      "cwe_ids": [
        "319"
      ],
      "id": "ruby_lang_http_insecure",
      "title": "Communication through an insecure HTTP connection detected.",
      "description": "## Description\\n\\nApplications should only connect to API using HTTPS connections. This rule checks that all HTTP connections use HTTPS.\\n\\n## Remediations\\n\\n❌ Avoid using unsecured outgoing HTTP communication, especially in the context of API calls:\\n\\n\`\`\`ruby\\nresponse = HTTParty.get('http://insecure-api.com')\\n\`\`\`\\n\\n✅ Ensure to always connect though HTTPS:\\n\\n\`\`\`ruby\\nresponse = HTTParty.get('https://secure-api.com')\\n\`\`\`\\n\\n## Resources\\n- [OWASP insecure transport](https://owasp.org/www-community/vulnerabilities/Insecure_Transport)\\n",
      "documentation_url": "https://docs.bearer.com/reference/rules/ruby_lang_http_insecure",
      "line_number": 8,
      "full_filename": "/tmp/bearer-scan/insecure_net_http.rb",
      "filename": ".",
      "source": {
        "start": 8,
        "end": 8,
        "column": {
          "start": 1,
          "end": 71
        }
      },
      "sink": {
        "start": 8,
        "end": 8,
        "column": {
          "start": 1,
          "end": 71
        },
        "content": "Net::HTTP::Get.new(\\"http://my.api.com/users/search\\", { \\"X-Test\\": 42 })"
      },
      "parent_line_number": 8,
      "snippet": "Net::HTTP::Get.new(\\"http://my.api.com/users/search\\", { \\"X-Test\\": 42 })",
      "fingerprint": "e9e2ed12574caf1a717fbe12e9ece4c1_2",
      "old_fingerprint": "24263ba4d445a0507a91e8e911284264_2",
      "code_extract": "Net::HTTP::Get.new(\\"http://my.api.com/users/search\\", { \\"X-Test\\": 42 })"
    }
  ]
}"
`;

exports[`ruby_lang_http_insecure insecure_post 1`] = `
"{
  "low": [
    {
      "cwe_ids": [
        "319"
      ],
      "id": "ruby_lang_http_insecure",
      "title": "Communication through an insecure HTTP connection detected.",
      "description": "## Description\\n\\nApplications should only connect to API using HTTPS connections. This rule checks that all HTTP connections use HTTPS.\\n\\n## Remediations\\n\\n❌ Avoid using unsecured outgoing HTTP communication, especially in the context of API calls:\\n\\n\`\`\`ruby\\nresponse = HTTParty.get('http://insecure-api.com')\\n\`\`\`\\n\\n✅ Ensure to always connect though HTTPS:\\n\\n\`\`\`ruby\\nresponse = HTTParty.get('https://secure-api.com')\\n\`\`\`\\n\\n## Resources\\n- [OWASP insecure transport](https://owasp.org/www-community/vulnerabilities/Insecure_Transport)\\n",
      "documentation_url": "https://docs.bearer.com/reference/rules/ruby_lang_http_insecure",
      "line_number": 1,
      "full_filename": "/tmp/bearer-scan/insecure_post.rb",
      "filename": ".",
      "source": {
        "start": 1,
        "end": 1,
        "column": {
          "start": 1,
          "end": 40
        }
      },
      "sink": {
        "start": 1,
        "end": 1,
        "column": {
          "start": 1,
          "end": 40
        },
        "content": "Faraday.post(\\"http://api.insecure.com\\")"
      },
      "parent_line_number": 1,
      "snippet": "Faraday.post(\\"http://api.insecure.com\\")",
      "fingerprint": "e9e2ed12574caf1a717fbe12e9ece4c1_0",
      "old_fingerprint": "23d966e68530a8a2502c6155cb3e1dd2_0",
      "code_extract": "Faraday.post(\\"http://api.insecure.com\\")"
    }
  ]
}"
`;

exports[`ruby_lang_http_insecure insecure_post_form_with_datatype 1`] = `
"{
  "high": [
    {
      "cwe_ids": [
        "319"
      ],
      "id": "ruby_lang_http_insecure",
      "title": "Communication through an insecure HTTP connection detected.",
      "description": "## Description\\n\\nApplications should only connect to API using HTTPS connections. This rule checks that all HTTP connections use HTTPS.\\n\\n## Remediations\\n\\n❌ Avoid using unsecured outgoing HTTP communication, especially in the context of API calls:\\n\\n\`\`\`ruby\\nresponse = HTTParty.get('http://insecure-api.com')\\n\`\`\`\\n\\n✅ Ensure to always connect though HTTPS:\\n\\n\`\`\`ruby\\nresponse = HTTParty.get('https://secure-api.com')\\n\`\`\`\\n\\n## Resources\\n- [OWASP insecure transport](https://owasp.org/www-community/vulnerabilities/Insecure_Transport)\\n",
      "documentation_url": "https://docs.bearer.com/reference/rules/ruby_lang_http_insecure",
      "line_number": 1,
      "full_filename": "/tmp/bearer-scan/insecure_post_form_with_datatype.rb",
      "filename": ".",
      "data_type": {
        "category_uuid": "cef587dd-76db-430b-9e18-7b031e1a193b",
        "name": "Email Address"
      },
      "category_groups": [
        "PII",
        "Personal Data"
      ],
      "source": {
        "start": 1,
        "end": 1,
        "column": {
          "start": 12,
          "end": 84
        }
      },
      "sink": {
        "start": 1,
        "end": 1,
        "column": {
          "start": 12,
          "end": 84
        },
        "content": "Net::HTTP.post_form(\\"http://my.api.com/users/search\\", email: user.email)"
      },
      "parent_line_number": 1,
      "snippet": "Net::HTTP.post_form(\\"http://my.api.com/users/search\\", email: user.email)",
      "fingerprint": "e9e2ed12574caf1a717fbe12e9ece4c1_0",
      "old_fingerprint": "f2419047f48bea64361a59980b38bb75_0",
      "code_extract": "response = Net::HTTP.post_form(\\"http://my.api.com/users/search\\", email: user.email)"
    }
  ]
}"
`;

exports[`ruby_lang_http_insecure insecure_post_with_datatype 1`] = `
"{
  "high": [
    {
      "cwe_ids": [
        "319"
      ],
      "id": "ruby_lang_http_insecure",
      "title": "Communication through an insecure HTTP connection detected.",
      "description": "## Description\\n\\nApplications should only connect to API using HTTPS connections. This rule checks that all HTTP connections use HTTPS.\\n\\n## Remediations\\n\\n❌ Avoid using unsecured outgoing HTTP communication, especially in the context of API calls:\\n\\n\`\`\`ruby\\nresponse = HTTParty.get('http://insecure-api.com')\\n\`\`\`\\n\\n✅ Ensure to always connect though HTTPS:\\n\\n\`\`\`ruby\\nresponse = HTTParty.get('https://secure-api.com')\\n\`\`\`\\n\\n## Resources\\n- [OWASP insecure transport](https://owasp.org/www-community/vulnerabilities/Insecure_Transport)\\n",
      "documentation_url": "https://docs.bearer.com/reference/rules/ruby_lang_http_insecure",
      "line_number": 1,
      "full_filename": "/tmp/bearer-scan/insecure_post_with_datatype.rb",
      "filename": ".",
      "data_type": {
        "category_uuid": "cef587dd-76db-430b-9e18-7b031e1a193b",
        "name": "Email Address"
      },
      "category_groups": [
        "PII",
        "Personal Data"
      ],
      "source": {
        "start": 1,
        "end": 1,
        "column": {
          "start": 1,
          "end": 66
        }
      },
      "sink": {
        "start": 1,
        "end": 1,
        "column": {
          "start": 1,
          "end": 66
        },
        "content": "HTTParty.post(\\"http://my.api.com/users/search\\", body: user.email)"
      },
      "parent_line_number": 1,
      "snippet": "HTTParty.post(\\"http://my.api.com/users/search\\", body: user.email)",
      "fingerprint": "e9e2ed12574caf1a717fbe12e9ece4c1_0",
      "old_fingerprint": "0197972884aee655b9ba2d85f1b21682_0",
      "code_extract": "HTTParty.post(\\"http://my.api.com/users/search\\", body: user.email)"
    }
  ]
}"
`;

exports[`ruby_lang_http_insecure ok_secure_url 1`] = `"{}"`;

exports[`ruby_lang_http_insecure uri_encode_form 1`] = `
"{
  "low": [
    {
      "cwe_ids": [
        "319"
      ],
      "id": "ruby_lang_http_insecure",
      "title": "Communication through an insecure HTTP connection detected.",
      "description": "## Description\\n\\nApplications should only connect to API using HTTPS connections. This rule checks that all HTTP connections use HTTPS.\\n\\n## Remediations\\n\\n❌ Avoid using unsecured outgoing HTTP communication, especially in the context of API calls:\\n\\n\`\`\`ruby\\nresponse = HTTParty.get('http://insecure-api.com')\\n\`\`\`\\n\\n✅ Ensure to always connect though HTTPS:\\n\\n\`\`\`ruby\\nresponse = HTTParty.get('https://secure-api.com')\\n\`\`\`\\n\\n## Resources\\n- [OWASP insecure transport](https://owasp.org/www-community/vulnerabilities/Insecure_Transport)\\n",
      "documentation_url": "https://docs.bearer.com/reference/rules/ruby_lang_http_insecure",
      "line_number": 1,
      "full_filename": "/tmp/bearer-scan/uri_encode_form.rb",
      "filename": ".",
      "source": {
        "start": 1,
        "end": 1,
        "column": {
          "start": 7,
          "end": 44
        }
      },
      "sink": {
        "start": 1,
        "end": 1,
        "column": {
          "start": 7,
          "end": 44
        },
        "content": "URI('http://my.api.com/users/search')"
      },
      "parent_line_number": 1,
      "snippet": "URI('http://my.api.com/users/search')",
      "fingerprint": "e9e2ed12574caf1a717fbe12e9ece4c1_0",
      "old_fingerprint": "e8978aaacc5f95a6f156023fbf2cfb22_0",
      "code_extract": "uri = URI('http://my.api.com/users/search')"
    }
  ]
}"
`;
