// Jest Snapshot v1, https://goo.gl/fbAQLP

exports[`javascript_express_https_protocol_missing insecure 1`] = `
"{
  "low": [
    {
      "cwe_ids": [
        "319"
      ],
      "id": "javascript_express_https_protocol_missing",
      "title": "Missing secure HTTP server configuration",
      "description": "## Description\\nUse HTTPS wherever possible. HTTPS uses the TLS (Transport Layer Security) protocol to encrypt communication, making it more secure than HTTP.\\n\\n## Remediations\\nâœ… Use the \`https\` module when calling \`createServer()\`\\n\\n\`\`\`javascript\\nvar https = require('https');\\nvar express = require('express');\\nvar app = express();\\n\\nvar httpsServer = https.createServer(app)\\nhttpsServer.listen(8080);\\n\`\`\`\\n\\n## Resources\\n- [Express Security Best Practices: use TLS](https://expressjs.com/en/advanced/best-practice-security.html#use-tls)\\n",
      "documentation_url": "https://docs.bearer.com/reference/rules/javascript_express_https_protocol_missing",
      "line_number": 1,
      "full_filename": "/tmp/bearer-scan/insecure.js",
      "filename": ".",
      "source": {
        "start": 1,
        "end": 1,
        "column": {
          "start": 1,
          "end": 23
        }
      },
      "sink": {
        "start": 1,
        "end": 1,
        "column": {
          "start": 1,
          "end": 23
        },
        "content": "http.createServer(app)"
      },
      "parent_line_number": 1,
      "snippet": "http.createServer(app)",
      "fingerprint": "d3c9698c21c130aa1d04a0c9d85abe8f_0",
      "old_fingerprint": "cc0f122ba5d59ef3fe0edbf90db249bf_0",
      "code_extract": "http.createServer(app).listen(port, () => {"
    }
  ]
}"
`;

exports[`javascript_express_https_protocol_missing secure 1`] = `"{}"`;
